Live GPIO startup-quiesce qualification: gpio=4 count=2 map-size=0x210000 permitted=typed-safe-registers-only
before dma_cs=0x0 dma_cb=0x0 pwm_ctl=0x0 pwm_dmac=0x0 gpclk0_ctl=0x606 gpfsel=0x900
after-first dma_cs=0x0 dma_cb=0x0 pwm_ctl=0x0 pwm_dmac=0x0 gpclk0_ctl=0x606 gpfsel=0x900
after-second dma_cs=0x0 dma_cb=0x0 pwm_ctl=0x0 pwm_dmac=0x0 gpclk0_ctl=0x606 gpfsel=0x900
backend-calls=2
support
discover
open
map:0x00210000
read:DMA0_CS=0x00000000
read:DMA0_CONBLK_AD=0x00000000
read:DMA0_TI=0x04050040
read:DMA0_SOURCE_AD=0xfe7c6800
read:DMA0_DEST_AD=0x7e20c018
read:DMA0_TXFR_LEN=0x00000380
read:DMA0_STRIDE=0x00000000
read:DMA0_NEXTCONBK=0xfe7caf20
read:DMA0_DEBUG=0x04018000
read:PWM_CTL=0x00000000
read:PWM_DMAC=0x00000000
read:GPCLK0_CTL=0x00000606
read:GPFSEL0=0x00000900
unmap:0x00210000
close
support
discover
open
map:0x00210000
write:DMA0_CS=0xc0000000
write:DMA0_CS=0x80000000
write:DMA0_CONBLK_AD=0x00000000
write:DMA0_TI=0x00000000
write:DMA0_SOURCE_AD=0x00000000
write:DMA0_DEST_AD=0x00000000
write:DMA0_TXFR_LEN=0x00000000
write:DMA0_STRIDE=0x00000000
write:DMA0_NEXTCONBK=0x00000000
write:DMA0_DEBUG=0x00000007
write:PWM_CTL=0x00000000
write:PWM_DMAC=0x00000000
read:GPCLK0_CTL=0x00000606
write:GPCLK0_CTL=0x5a000606
read:GPCLK0_CTL=0x00000606
read:GPFSEL0=0x00000900
write:GPFSEL0=0x00000900
unmap:0x00210000
close
support
discover
open
map:0x00210000
read:DMA0_CS=0x00000000
read:DMA0_CONBLK_AD=0x00000000
read:DMA0_TI=0x04050040
read:DMA0_SOURCE_AD=0xfe7c6800
read:DMA0_DEST_AD=0x7e20c018
read:DMA0_TXFR_LEN=0x00000380
read:DMA0_STRIDE=0x00000000
read:DMA0_NEXTCONBK=0x00000000
read:DMA0_DEBUG=0x04018000
read:PWM_CTL=0x00000000
read:PWM_DMAC=0x00000000
read:GPCLK0_CTL=0x00000606
read:GPFSEL0=0x00000900
unmap:0x00210000
close
support
discover
open
map:0x00210000
write:DMA0_CS=0xc0000000
write:DMA0_CS=0x80000000
write:DMA0_CONBLK_AD=0x00000000
write:DMA0_TI=0x00000000
write:DMA0_SOURCE_AD=0x00000000
write:DMA0_DEST_AD=0x00000000
write:DMA0_TXFR_LEN=0x00000000
write:DMA0_STRIDE=0x00000000
write:DMA0_NEXTCONBK=0x00000000
write:DMA0_DEBUG=0x00000007
write:PWM_CTL=0x00000000
write:PWM_DMAC=0x00000000
read:GPCLK0_CTL=0x00000606
write:GPCLK0_CTL=0x5a000606
read:GPCLK0_CTL=0x00000606
read:GPFSEL0=0x00000900
write:GPFSEL0=0x00000900
unmap:0x00210000
close
support
discover
open
map:0x00210000
read:DMA0_CS=0x00000000
read:DMA0_CONBLK_AD=0x00000000
read:DMA0_TI=0x04050040
read:DMA0_SOURCE_AD=0xfe7c6800
read:DMA0_DEST_AD=0x7e20c018
read:DMA0_TXFR_LEN=0x00000380
read:DMA0_STRIDE=0x00000000
read:DMA0_NEXTCONBK=0x00000000
read:DMA0_DEBUG=0x04018000
read:PWM_CTL=0x00000000
read:PWM_DMAC=0x00000000
read:GPCLK0_CTL=0x00000606
read:GPFSEL0=0x00000900
unmap:0x00210000
close
Qualification passed.
