planned_slot_utc=2026-08-08T17:54:00Z wait_s=23
capture_command_utc=2026-08-08T17:53:55Z
[INFO ] WsprryPi version 3.2.0-research-issue-379-2m-qualification+93d01ea (research-issue-379-2m-qualification).
[INFO ] Platform: Raspberry Pi 5 Model B Rev 1.0.
[INFO ] OS: Debian GNU/Linux 13 (trixie) 64-bit.
[INFO ] Transmit backend: si5351
[INFO ] Web UI disabled via CLI (--no-web)
[INFO ] WSPR loop running.
[INFO ] PPM value to be used for tone generation: 2.35
[INFO ] TX will stop after: 3iteration(s) of the WSPR dial-frequency list.
[INFO ] PPM Manager disabled.
[INFO ] Scheduling path selected: WSPR.
[INFO ] Waiting for next transmission window.
[INFO] devIdx: 0
[INFO] SerNo: 2404058C60
[INFO] hwVer: 6
[INFO] rspDuoMode: 0
[INFO] tuner: 1
[INFO] rspDuoSampleFreq: 0.000000
[INFO] Using format CF32.
[INFO ] WSPR transmissions remaining: 2
[INFO ] Started transmission: 70.092500 MHz.
[INFO ] Completed transmission: 110.610520 seconds.
[INFO ] Scheduling path selected: WSPR.
[INFO ] Waiting for next transmission window.
[INFO ] WSPR transmissions remaining: 1
[INFO ] Started transmission: 70.092500 MHz.
[INFO ] Completed transmission: 110.599832 seconds.
[INFO ] Scheduling path selected: WSPR.
[INFO ] Waiting for next transmission window.
[INFO ] Parsed last of TX iterations, signaling shutdown after current transmission.
[INFO ] Started transmission: 70.092500 MHz.
[INFO ] Completed transmission: 110.599894 seconds.
[INFO ] Shutdown requested: completed configured TX iterations
[INFO ] WsprryPi exiting.
center_hz=70117500.000 sample_rate=250000.000 samples=92500000 overflows=0 agc=off requested_gain_db=25.000 actual_gain_db=25.000 capture_start_monotonic_ns=24899602534539 capture_end_monotonic_ns=25269611732827 output=si5351-current-4m-three-frames.cf32
end_utc=2026-08-08T18:00:06Z
tx_rc=0 capture_rc=0
reg3=0xff
