[INFO ] WsprryPi version 3.2.0-devel+ea3e875 (devel).
[INFO ] Platform: Raspberry Pi 4 Model B Rev 1.1.
[INFO ] OS: Debian GNU/Linux 13 (trixie) 64-bit.
[INFO ] Transmit backend: gpio
[INFO ] Transmit GPIO: 4
[INFO ] Web UI disabled via CLI (--no-web)
[INFO ] WSPR loop running.
[INFO ] TX will stop after: 3iteration(s) of the WSPR dial-frequency list.
[INFO ] PPM Manager initialized successfully.
[INFO ] PPM updated: 13.612
[INFO ] Scheduling path selected: WSPR.
[INFO ] Waiting for next transmission window.
[INFO ] WSPR transmissions remaining: 2
[INFO ] Started transmission: 0.475700 MHz.
[INFO ] Completed transmission: 110.678508 seconds.
[INFO ] Scheduling path selected: WSPR.
[INFO ] Waiting for next transmission window.
[INFO ] WSPR transmissions remaining: 1
[INFO ] Started transmission: 0.475700 MHz.
[INFO ] Completed transmission: 110.602931 seconds.
[INFO ] Scheduling path selected: WSPR.
[INFO ] Waiting for next transmission window.
[INFO ] Parsed last of TX iterations, signaling shutdown after current transmission.
[INFO ] Started transmission: 0.475700 MHz.
[INFO ] Completed transmission: 110.612463 seconds.
[INFO ] Shutdown requested: completed configured TX iterations
[INFO ] WsprryPi exiting.
